http://serverfault.com/questions/134432/running-cgi-with-perl-under-apache-permission-problem
http://serverfault.com/questions/133463/installed-apache-bash-service-httpd-status-does-nothing
http://serverfault.com/questions/129948/trying-to-install-mod-proxy-in-apache-httpd-2-2-15
http://serverfault.com/questions/128167/htaccess-rewrite-rules
http://serverfault.com/questions/127708/how-to-configure-basic-authentication-in-apache-httpd-virtual-hosts
http://serverfault.com/questions/125694/var-run-httpd-pid-missing
http://serverfault.com/questions/125302/dangers-are-in-giving-public-execute-permissions-to-the-httpdocs
http://serverfault.com/questions/122416/disable-log-rotation-for-apache-or-move-file-location
http://serverfault.com/questions/117459/why-does-rhel-centos-store-apache-conf-files-the-way-it-does
http://serverfault.com/questions/116700/whats-the-equivalent-of-location-in-htaccess
http://serverfault.com/questions/116556/specs-for-15-000-concurrent-website-users
http://serverfault.com/questions/115827/why-does-apache-log-requests-to-get-http-www-google-com-with-code-200
http://serverfault.com/questions/114899/tomcat-lighttpd-apache-on-same-centos-server
http://serverfault.com/questions/112661/htaccess-forcetype-returning-404-not-found
http://serverfault.com/questions/112411/linux-server-http-processes-hang-server-on-daily-basis
http://serverfault.com/questions/271337/how-to-find-out-all-the-pid-of-apache-httpd-processes-that-are-in-reading-state
http://serverfault.com/questions/270086/apache-httpdmod-proxymod-ntlm
http://serverfault.com/questions/268890/apache-many-httpd-process-by-my-own-server-ip-eating-all-my-ram
http://serverfault.com/questions/268838/hiding-directory-browsing-in-linux
http://serverfault.com/questions/268673/only-my-default-virtual-host-will-execute-php-scripts-500-error-otherwise
http://serverfault.com/questions/268286/how-to-use-apache-status-if-the-http-connection-table-is-full
http://serverfault.com/questions/267786/high-server-load-at-some-times-without-explanation
http://serverfault.com/questions/267583/directory-inside-or-outside-virtualhosts
http://serverfault.com/questions/267376/will-private-dirty-rss-used-by-mod-php-ever-be-made-available-to-other-processes
http://serverfault.com/questions/267036/is-it-possible-to-create-custom-error-log-in-apache-2
http://serverfault.com/questions/266414/plesk-10-i-have-been-deleting-and-adding-subdomains-but-they-still-appear
http://serverfault.com/questions/265409/rewriterules-in-htaccess-in-subdirectory-disabling-breaking-rewriterules-in-ht
http://serverfault.com/questions/265076/apache-files-directive-does-not-work
http://serverfault.com/questions/264350/how-do-i-get-self-signed-ssl-certificates-to-work-locally-on-mac-osx
http://serverfault.com/questions/263215/trailing-slash-on-directory-directive-in-httpd
http://serverfault.com/questions/399351/apache-detects-files-as-directories
http://serverfault.com/questions/397471/apache-blocking-valid-allow-from-ip-client
http://serverfault.com/questions/396036/apache-httpd-permissions
http://serverfault.com/questions/395939/apache-codeigniter-new-server-unexpected-errors
http://serverfault.com/questions/395560/mod-rewrite-is-ignoring-the-extension-of-a-file
http://serverfault.com/questions/392937/apaches-options-http-1-0-running-100-cpu-runaway-httpd-process
http://serverfault.com/questions/392652/httpd-worker-binary-was-not-created-apache2-2-21
http://serverfault.com/questions/392378/what-is-a-good-live-request-monitor-for-apache-httpd
http://serverfault.com/questions/391505/var-spool-cron-is-not-a-directory-bailing-out-when-trying-to-work-with-cron
http://serverfault.com/questions/391468/apache-httpd-webdav-entries-to-give-access-to-a-directory
http://serverfault.com/questions/390492/apache-httpd-proxy-deny-directive-ignored
http://serverfault.com/questions/390048/how-to-configure-ssl-with-apache2-httpd-mass-virtual-hosting-using-mod-vhost-ali
http://serverfault.com/questions/389828/apache-2-2-on-centos-5-5-doesnt-serve-php-files-after-upgrade-to-php53
http://serverfault.com/questions/389819/when-is-necessary-integrate-apache-httpd-with-apache-tomcat-mod-jk
http://serverfault.com/questions/388735/var-lib-mysql-folder-is-missing
http://serverfault.com/questions/387941/php-fpm-and-apc-for-shared-hosting
http://serverfault.com/questions/387291/apache-httpd-responds-slower-under-el6-1-than-el5-6-centos
http://serverfault.com/questions/386555/apache-authentication-ldap-group-based-on-url
http://serverfault.com/questions/385645/how-to-view-which-web-application-is-consuming-resource
http://serverfault.com/questions/383815/how-to-allow-active-directory-authenticated-users-use-nagios-web-interface
http://serverfault.com/questions/383805/apache-2-4-and-suexec-configuration
http://serverfault.com/questions/383526/how-do-i-select-which-apache-mpm-to-use
http://serverfault.com/questions/381089/will-apache-load-and-process-htaccess-file-during-every-request
http://serverfault.com/questions/380249/shared-php-sessions-in-load-balanced-httpd-environment
http://serverfault.com/questions/379947/which-version-of-apache-to-install-on-my-centos-5-x-linux
http://serverfault.com/questions/379793/sqlstatehy000-general-error-2006-mysql-server-has-gone-away
http://serverfault.com/questions/379758/configure-httpd-conf-to-accept-1-000-connctions-how
http://serverfault.com/questions/379161/scripts-has-stopped-working-after-apache-php-update
http://serverfault.com/questions/379139/a-lots-of-apache-processes-are-using-my-cpu-uses-always-more-than-70
http://serverfault.com/questions/378956/http-caching-server-that-supports-post
http://serverfault.com/questions/548518/redirect-particular-hostname-from-https-to-httpd-in-httpd-apache2
http://serverfault.com/questions/548212/how-to-a2ensite-and-a2dissite
http://serverfault.com/questions/547916/mod-ssl-rpm-conflict
http://serverfault.com/questions/547726/running-multiple-sites-with-multiple-domains-apache
http://serverfault.com/questions/547622/documentroot-directory-apache-httpd
http://serverfault.com/questions/547615/httpd-and-ldap-authentication-not-working-for-sub-pages
http://serverfault.com/questions/547597/how-do-i-configure-my-httpd-rewrite-proxy-to-direct-app1-example-com443-to-loca
http://serverfault.com/questions/547236/ignore-apache-default-server
http://serverfault.com/questions/546330/is-there-a-way-to-configure-shibboleth-on-tomcat-without-having-to-use-httpd-apa
http://serverfault.com/questions/545660/how-to-proxypass-and-proxypassreverse-with-a-url-having-a-dot-in-it
http://serverfault.com/questions/545609/permission-denied-error-while-creating-files-from-a-python-script-using-mod-wsgi
http://serverfault.com/questions/545570/configuring-php-to-work-with-httpd-autostarting-mysqld-and-apachectl
http://serverfault.com/questions/544723/how-to-set-different-mod-mime-rules-for-reverse-proxy
http://serverfault.com/questions/543829/optimizing-apache2-for-high-volume-of-small-requests
http://serverfault.com/questions/543493/running-multiple-servers-on-centos-5
http://serverfault.com/questions/318245/mod-headers-server
http://serverfault.com/questions/317641/nginx-multiple-document-roots-with-fastcgi
http://serverfault.com/questions/317512/secure-http-transfer-with-ssh-tunnel
http://serverfault.com/questions/317090/how-do-i-find-out-who-is-making-a-lot-of-requests-to-the-server
http://serverfault.com/questions/315423/apache-httpd-create-a-location-directive-for-website-homepage
http://serverfault.com/questions/321511/nfs-volume-file-permissions
http://serverfault.com/questions/314253/why-isnt-httpd-working
http://serverfault.com/questions/320847/apache-version-upgrade
http://serverfault.com/questions/314083/what-does-it-mean-for-an-address-to-be-invalid-in-context-error-code-os-10049
http://serverfault.com/questions/313485/apache-configuration-for-allowing-a-web-site-that-is-a-symlink-to-a-users-direct
http://serverfault.com/questions/313192/help-to-find-out-what-is-crashing-my-centos-5-server
http://serverfault.com/questions/321128/forwarding-requests-from-tomcat-to-apache-httpd
http://serverfault.com/questions/311147/many-processes-httpd-k-restart-dssl
http://serverfault.com/questions/310197/setting-up-virtual-host-in-fedora-core-15-using-apache
http://serverfault.com/questions/309946/from-where-do-i-run-the-apache-benchmark
http://serverfault.com/questions/659595/force-httpd-2-0-mod-ssl-to-use-tlsv1-for-proxied-handshakes
http://serverfault.com/questions/656175/nginx-always-gives-502-bad-gateway
http://serverfault.com/questions/656129/ah00157-couldnt-add-listener-to-pollset-check-system-or-user-limits
http://serverfault.com/questions/655047/high-memory-server-apache-not-using-all-ram
http://serverfault.com/questions/654622/confused-about-what-im-seeing-in-my-apache-access-log-think-i-might-have-been
http://serverfault.com/questions/652085/can-poor-internet-connection-affect-the-io-read-on-my-server
http://serverfault.com/questions/652075/how-can-i-install-httpd-2-2-in-etc-directory-in-centoos-7
http://serverfault.com/questions/650709/jenkins-under-apache-httpd-sometimes-switches-from-ssl-to-plain-http
http://serverfault.com/questions/650097/apache-websites-stopped-working
http://serverfault.com/questions/649365/apache-is-utilizing-100-of-cpu-usage-on-m3-xlarge-ec2-instance-running-centos
http://serverfault.com/questions/648647/httpd-trying-to-access-root-owned-session-files
http://serverfault.com/questions/648586/setup-cas-authentication-for-zabbix-ui-through-mod-proxy
http://serverfault.com/questions/648565/apache-ssl-configuration-does-not-take-effect
http://serverfault.com/questions/645535/php5-6-2-installation-with-httpd24-apache-version-2-4-10-on-centos-rhel
http://serverfault.com/questions/645151/httpd-not-starting-because-run-httpd-is-missing
http://serverfault.com/questions/560356/get-assets-te-htmle-data-http-1-1-200-3538-java-1-7-0-25
http://serverfault.com/questions/560837/how-to-make-httpd-accessible-only-through-the-vpn
http://serverfault.com/questions/560282/still-httpd-dead-but-subsys-locked-even-following-the-fix-of-some-source
http://serverfault.com/questions/558164/centos6-apache-configure-suexec-wrapper
http://serverfault.com/questions/557188/httpd-13-permission-denied-access-to-denied
http://serverfault.com/questions/556447/centos-yum-repository-package-security-information-how-do-i-find-it
http://serverfault.com/questions/556204/how-to-get-real-ip-not-127-0-0-1-to-show-up-as-remote-ip-when-forwarding-reque
http://serverfault.com/questions/555455/apache2-cant-bind-to-any-port-multiple-apache-servers-starting
http://serverfault.com/questions/554294/how-to-access-web-page-on-a-server-using-the-ip-10-0-0-3
http://serverfault.com/questions/553951/redirect-all-incoming-traffic
http://serverfault.com/questions/553899/forwarding-php-requests-via-proxypassmatch-as-a-handler-or-only-when-file-exist
http://serverfault.com/questions/551788/why-does-httpd-handle-requests-for-wrong-hostnames-in-ssl-mode
http://serverfault.com/questions/551173/apache-httpd-freetds-hangs-until-restarted
http://serverfault.com/questions/551020/denying-access-to-website-via-htaccess-based-on-http-header
http://serverfault.com/questions/549415/htaccess-redirect-root-directory-and-subpages-with-parameters
http://serverfault.com/questions/500853/httpd-how-to-dynamically-delay-request-forwarding-to-proxy
http://serverfault.com/questions/500535/consequences-of-limiting-max-number-of-httpd-processes
http://serverfault.com/questions/499108/failed-to-restart-apache-server
http://serverfault.com/questions/498603/redirect-switcharoo-apache
http://serverfault.com/questions/498422/strange-get-api-levels-and-get-play-requests-in-logs
http://serverfault.com/questions/498385/cant-access-apache-via-custom-port
http://serverfault.com/questions/497086/socket-file-descriptor-1063-is-larger-than-fd-setsize-1024-you-probably-nee
http://serverfault.com/questions/496316/apache-server-spam-post-requests
http://serverfault.com/questions/495303/apache-errors-glibc-detected-backtrace-perl
http://serverfault.com/questions/495070/httpd-different-website-depending-on-remote-ip
http://serverfault.com/questions/490998/cannot-find-the-mpm-configuration-file-in-apache
http://serverfault.com/questions/490179/unable-to-change-apache-http-server-port-in-unix
http://serverfault.com/questions/489954/parallels-apache-stopped-loading-virtual-host-config-files
http://serverfault.com/questions/489470/comprehensively-list-http-requests-ips-urls-etc
http://serverfault.com/questions/489129/invalid-command-sslengine-centos
http://serverfault.com/questions/184868/memory-leak-issue-in-centos5
http://serverfault.com/questions/183725/error-not-found-or-unable-to-stat-in-apache-logs-and-difference-in-httpd-conf
http://serverfault.com/questions/181132/using-dhcpd-hosting-web-site-fedora
http://serverfault.com/questions/181109/dyndns-with-dhcpd-centos
http://serverfault.com/questions/179628/ssl-connection-errors-from-apache
http://serverfault.com/questions/177637/what-do-the-following-lines-in-httpd-access-log-mean
http://serverfault.com/questions/175398/caching-server-in-front-of-apache-tomcat
http://serverfault.com/questions/175324/dev-null-and-dev-null-21
http://serverfault.com/questions/175202/tomcat-5-5-apache-configure-a-group-app-inside-tomcat
http://serverfault.com/questions/173976/find-the-http-request-for-specific-apache-processes
http://serverfault.com/questions/170516/getting-98address-already-in-use-make-sock-could-not-bind-to-address-4
http://serverfault.com/questions/168190/apache-will-not-come-back-up-httpd-dead-but-subsys-locked
http://serverfault.com/questions/166531/ssl-error-log-apache-issue
http://serverfault.com/questions/166469/how-do-i-configure-apache-to-redirect-requests-in-a-reverse-proxy-when-file-doe
http://serverfault.com/questions/165906/custom-error-documents-do-not-display-localhost-test-server
http://serverfault.com/questions/409436/missing-mod-deflate-so
http://serverfault.com/questions/408611/apache-httpd-process-utilizing-all-my-servers-memory
http://serverfault.com/questions/408264/too-many-instances-of-httpd-and-mysqld
http://serverfault.com/questions/407464/apache-not-showing-a-test-page-when-i-browse-to-the-server-running-it
http://serverfault.com/questions/404483/apache-how-to-set-custom-401-error-page-and-save-original-behaviour
http://serverfault.com/questions/403127/namevirtualhost-bad-behavior-on-2-ips-and-3-documentroot
http://serverfault.com/questions/417165/run-apache-as-root
http://serverfault.com/questions/402569/apache-server-status-does-not-work-with-auto-param
http://serverfault.com/questions/402270/any-idea-of-why-mod-wsgi-creates-a-coredump-in-apache-httpd
http://serverfault.com/questions/402140/configure-pear-on-centos-6-and-plesk
http://serverfault.com/questions/401751/using-sudo-etc-init-d-httpd-start-complains-for-log-file-rights
http://serverfault.com/questions/401083/identifying-service-error-in-fedora-16
http://serverfault.com/questions/401070/apache-httpd-virtualhost-config-multiple-sites
http://serverfault.com/questions/400341/address-already-in-use-amazon-aws
http://serverfault.com/questions/400115/how-does-tomcat-know-if-an-application-is-ok-or-nok
http://serverfault.com/questions/629937/centos-7-apache2-httpd-mod-fastcgi-installation-impossible
http://serverfault.com/questions/628473/apache-dying-when-new-domain-is-added-removed
http://serverfault.com/questions/628048/sharing-collectd-data-with-apache-on-centos-selinux
http://serverfault.com/questions/627729/apache-rate-limit-best-practice
http://serverfault.com/questions/627626/rate-limit-apache-httpd-server
http://serverfault.com/questions/627032/random-server-load-spikes-number-of-tasks-doubles-cpu-memory-consistent
http://serverfault.com/questions/626619/apache-not-serving-static-content-concurrently
http://serverfault.com/questions/625579/svn-cant-open-file-var-www-svn-repo-db-txn-current-lock-permission-denied
http://serverfault.com/questions/624278/you-dont-have-permission-to-access-cacti-index-php-on-this-server
http://serverfault.com/questions/622617/php-centos-openssl-error
http://serverfault.com/questions/619823/deploying-new-code-live
http://serverfault.com/questions/619299/amazon-ec2-httpd-error-on-start-port-80-98address-already-in-use-make-soc
http://serverfault.com/questions/618669/proxy-to-sites-that-expect-to-be-at-root-url
http://serverfault.com/questions/618549/sudo-yum-install-httpd-is-throwing-errors
http://serverfault.com/questions/617662/is-serveradmin-emaildomain-tld-required-in-the-virtualhost-in-apache
http://serverfault.com/questions/686572/httpd-forward-traffic-from-a-url-to-another-machine-on-same-lan-virtual-host
http://serverfault.com/questions/686473/why-can-apache-access-most-of-my-file-system
http://serverfault.com/questions/684835/404-error-munin-and-vestacp
http://serverfault.com/questions/684637/plain-wildcard-for-apaches-serveralias
http://serverfault.com/questions/684079/whats-the-easiest-way-to-integrate-authy-two-factor-authentication-with-apach
http://serverfault.com/questions/683934/redirect-apache-forward-proxy-users-to-local-apache-site
http://serverfault.com/questions/683459/apache-shuts-down-unintentionally
http://serverfault.com/questions/682882/apache-status-says-stopped-but-still-httpd-process-running
http://serverfault.com/questions/682219/bug-in-mailman-version-2-1-18-1
http://serverfault.com/questions/679348/loose-the-header-remote-user-after-reverse-proxy
http://serverfault.com/questions/679263/cent-os-logrotate-is-not-rotating-httpd-log
http://serverfault.com/questions/677781/apache-reverse-proxy-substitute-url
http://serverfault.com/questions/677171/restarting-apache-http-server-without-interrupting-http-downloads
http://serverfault.com/questions/676576/centos-7-cluster-with-load-balancer
http://serverfault.com/questions/676521/forward-ssl-client-certification-information-from-httpd1-to-httpd2
http://serverfault.com/questions/531995/add-word-in-url-using-httaccess
http://serverfault.com/questions/531093/how-do-you-change-apache-to-be-http-1-0-by-default
http://serverfault.com/questions/530982/how-to-set-any-browser-to-no-keep-alive-in-apache-httpd-conf
http://serverfault.com/questions/530753/httpd-dies-on-freebsd-if-multiple-connenctions-are-open-from-same-client
http://serverfault.com/questions/529291/gitolite3-not-writing
http://serverfault.com/questions/528737/permanently-disable-init-service
http://serverfault.com/questions/528668/being-dosd-or-need-more-memory
http://serverfault.com/questions/528217/assistance-required-configuring-server-status-on-apache-keeps-getting-caught
http://serverfault.com/questions/528176/quickly-switch-default-apache-port
http://serverfault.com/questions/527063/apache-forkbombing-randomly
http://serverfault.com/questions/526469/make-web-portal-visible-on-two-different-vlans-on-same-interface
http://serverfault.com/questions/525321/httpd-on-centos6-not-listing-directory-contents
http://serverfault.com/questions/525070/cent-os-forbidden-error
http://serverfault.com/questions/524867/httpd-process-still-hanging-memory-after-background-script-finishes
http://serverfault.com/questions/523789/apache-in-front-of-jboss-6-some-proxy-errors
http://serverfault.com/questions/237733/apache-error-log-repeated-attempts-to-access-forum-php
http://serverfault.com/questions/237419/apache-intermittently-aborting-requests
http://serverfault.com/questions/237402/apachemod-jk-and-a-specific-404-handler
http://serverfault.com/questions/236436/mac-os-x-10-6-6-apache2-crash
http://serverfault.com/questions/236078/how-do-you-configure-apache-on-kodingen
http://serverfault.com/questions/235942/php-in-mac-os-x-php-loads-source-code-in-browser-rather-than-executing
http://serverfault.com/questions/235074/apache-httpd-followsymlinks-path-permission
http://serverfault.com/questions/234972/what-is-bottleneck-of-my-apache-server
http://serverfault.com/questions/235038/what-is-performance-bottleneck-of-my-apache-server
http://serverfault.com/questions/233713/var-log-secure-user-activity-also-httpd-can-not-start-without-two-users
http://serverfault.com/questions/233076/dedicated-apache-httpd-server-configuration-and-performance-tuning
http://serverfault.com/questions/233055/run-both-sshd-and-httpd-ssl-on-port-443
http://serverfault.com/questions/231295/hosting-two-web-applications-on-same-server
http://serverfault.com/questions/230995/high-cpu-from-httpd-process
http://serverfault.com/questions/230686/apache-http-server-rewrite-rule-how-to-make-a-basedir-change
http://serverfault.com/questions/522796/can-i-set-443-as-default-web-port-which-means-it-can-only-be-accessed-via-https
http://serverfault.com/questions/522762/ruby-hide-webrick-httpd-version
http://serverfault.com/questions/522210/selinux-policy-enabled-httpd-running-as-context-unconfined-usystem-rhttpd-ts
http://serverfault.com/questions/522044/cant-find-httpd-pid-to-use-for-monit-apache2-monitoring
http://serverfault.com/questions/519056/redirect-to-domain-before-ssl-is-read
http://serverfault.com/questions/518319/redirection-on-apache-maintain-post-params
http://serverfault.com/questions/517678/apache-2-2-4-problems-chroot-with-modsecurity
http://serverfault.com/questions/517274/what-are-the-package-dependencies-for-httpd-rhel-5
http://serverfault.com/questions/516399/apache-httpd-process-using-too-much-memory
http://serverfault.com/questions/515417/error-start-apache-php-value
http://serverfault.com/questions/515200/port-80-closed-and-apache-wont-restart
http://serverfault.com/questions/513741/learning-puppet-exercise-installing-httpd-package-and-starting-service
http://serverfault.com/questions/513723/why-does-this-rewriterule-in-httpd-not-work
http://serverfault.com/questions/513355/how-to-redirect-http-post-request
http://serverfault.com/questions/513058/mod-rewrite-to-redirect-to-different-virtualhost
http://serverfault.com/questions/163032/animated-http-request-visualisation-on-apache
http://serverfault.com/questions/161440/apache-spawning-hundreds-of-processes-and-pushing-up-load-averages
http://serverfault.com/questions/161405/apache-uses-100-cpu-can-ps-command-tell-me-what-it-is-doing
http://serverfault.com/questions/159152/apache-treating-files-with-var-in-their-names-as-type-maps
http://serverfault.com/questions/159022/authenticate-http-requests-except-for-from-this-ip
http://serverfault.com/questions/158584/php-safe-mode-open-basedir-lstat-performance-problem
http://serverfault.com/questions/157563/difference-between-mod-authn-ldap-and-mod-authz-ldap
http://serverfault.com/questions/157116/apache-namevirtualhost-with-domain-and-ip
http://serverfault.com/questions/157105/ssl-peer-was-unable-to-negotiate-an-acceptable-set-of-security-parameters
http://serverfault.com/questions/151245/what-is-the-maximum-number-of-virtualhosts-apache-can-handle
http://serverfault.com/questions/145109/howto-redirect-http-to-https-on-the-same-httpd
http://serverfault.com/questions/141627/apache-the-name
http://serverfault.com/questions/141575/server-currently-under-ddos-not-sure-what-to-do
http://serverfault.com/questions/140222/im-having-problems-restarting-httpd-server-due-to-segfault-in-libapr
http://serverfault.com/questions/135694/mod-rewrite-settings-causes-server-to-throw-http-500-errors-instead-of-404
http://serverfault.com/questions/749263/httpd-after-configuring-vhost-httpd-doesnt-restart
http://serverfault.com/questions/749172/php-gd-wont-work-after-install
http://serverfault.com/questions/747106/intermittent-enormous-ttfb-on-dynamic-static-pages
http://serverfault.com/questions/746176/apache-piped-logging-failing
http://serverfault.com/questions/744682/using-multiple-versions-of-php
http://serverfault.com/questions/744091/migrating-from-apache-2-2-to-2-4-ssl-conf-is-ignored
http://serverfault.com/questions/744070/valueerror-type-http-sys-content-t-is-invalid-must-be-a-file-or-device-type
http://serverfault.com/questions/743957/httpd-apache2-virtual-host-and-hostname-conflict
http://serverfault.com/questions/743396/apache-2-4-redundant-ldap-authentication
http://serverfault.com/questions/742970/centos-7-in-an-esxi-vm-cannot-see-port-80-requests
http://serverfault.com/questions/742946/php-is-not-working-with-apache-after-upgrading-from-5-3-3-to-5-6
http://serverfault.com/questions/742621/ssl-error-preventing-apache-from-starting
http://serverfault.com/questions/742576/permissions-of-var-html
http://serverfault.com/questions/742114/server-shuts-down-unexpectedly
http://serverfault.com/questions/741976/hide-original-url-using-mod-proxy
http://serverfault.com/questions/230430/allowing-users-outside-my-lan-to-preview-web-sites
http://serverfault.com/questions/228608/use-localhost-domain-name-fqdn-for-local-web-project-did-i-need-to-config-my-wi
http://serverfault.com/questions/228472/addhandler-syntax
http://serverfault.com/questions/228432/localhost-wont-load-after-adding-directives-to-httpd-on-wamp-apache-2-2xx
http://serverfault.com/questions/227817/how-do-i-get-apache-2-2-17-started
http://serverfault.com/questions/226478/setting-up-subdomains-on-a-dedicated-linux-machine
http://serverfault.com/questions/226036/upgrading-centos-4-8-to-5-5-x86-64
http://serverfault.com/questions/225763/centos-plesk-server-apache-massive-cpu-usage
http://serverfault.com/questions/225069/apache-maxservers-not-taking-effect
http://serverfault.com/questions/223618/wildcard-in-httpd-conf-file
http://serverfault.com/questions/223613/how-to-disable-x-mod-ps-header
http://serverfault.com/questions/223581/installing-linux-apache-unable-to-connect
http://serverfault.com/questions/222854/set-nginx-conf-to-deny-all-connections-except-to-certain-files-or-directories
http://serverfault.com/questions/222575/mod-rewrite-rule
http://serverfault.com/questions/222177/proxy-ajp-wildcards
http://serverfault.com/questions/221401/system-date-and-httpd-mysqld
http://serverfault.com/questions/219890/faster-squid-apache-httpd-apache-tomcat
http://serverfault.com/questions/219647/httpd-keeps-crashing-without-any-reference-to-why-in-the-logs
http://serverfault.com/questions/219268/mod-rewrite-not-creating-correct-path
http://serverfault.com/questions/216711/apache-keeps-crashing-due-to-unable-to-create-worker-thread
http://serverfault.com/questions/216207/apache-wont-stop-starting
http://serverfault.com/questions/213951/cannot-kill-process-in-linux-httpd-k-start
http://serverfault.com/questions/211626/apache-httpd-segmentation-fault-when-loading-mod-jk-module
http://serverfault.com/questions/210351/httpd-conf-virtualhost-configuration-problem-for-blog-example-com
http://serverfault.com/questions/207296/installed-apache-server-cant-connect-from-outside-using-centos-in-wmware
http://serverfault.com/questions/205533/httpd-2-2-17-ignores-directory-location-directives-doesnt-output-to-access-lo
http://serverfault.com/questions/204047/aix-missing-symbols-ap-cleanup-scoreboard-and-ap-accept-lock-mech-for-apache-pro
http://serverfault.com/questions/203746/restart-apache-under-www-data-user-in-ubuntu
http://serverfault.com/questions/203238/txn-current-lock-permission-denied-500-13-subversion-apache-configura
http://serverfault.com/questions/202456/mod-rewrite-always-gives-10-internal-redirects-and-fails
http://serverfault.com/questions/697425/complete-lamp-package
http://serverfault.com/questions/697258/php-fpm-apache-403-forbidden-message
http://serverfault.com/questions/697227/complex-combination-of-allow-and-deny-for-apache
http://serverfault.com/questions/697181/httpd-virtual-hosts-go-to-the-same-website
http://serverfault.com/questions/696164/can-i-view-the-resolved-config-apache-is-using
http://serverfault.com/questions/694755/apache-2-2-httpd-somtimes-hangs
http://serverfault.com/questions/693971/can-i-detect-when-a-client-has-disconnected-from-a-cgi
http://serverfault.com/questions/693241/how-to-fix-logjam-vulnerability-in-apache-httpd
http://serverfault.com/questions/692845/ram-usage-by-apache-server-in-wordpress-site
http://serverfault.com/questions/691381/apache-2-httpd-vhost-dynamic-documentroot
http://serverfault.com/questions/691200/apache-httpd-mod-deflate-and-mod-expires-not-applied
http://serverfault.com/questions/691107/linux-high-iowait-without-block-device-activity
http://serverfault.com/questions/688626/webserver-is-inaccessible
http://serverfault.com/questions/687044/how-to-correctly-setup-an-apache-virtualhost-as-http-and-https
http://serverfault.com/questions/686785/apache-httpd-does-not-implement-updates-to-a-301-redirect-configuration
http://serverfault.com/questions/566417/server-not-responding-to-http-or-ping-but-ssh-works
http://serverfault.com/questions/566168/prefork-doesnt-appear-to-be-listening-to-maxclients-in-config-file
http://serverfault.com/questions/565882/mssql-php-cannot-connect-over-apaches-account
http://serverfault.com/questions/565542/how-to-configure-apache-httpd-conf-for-x-forward-logger
http://serverfault.com/questions/564615/in-svn-after-commting-the-changes-by-user-not-redirect-in-directory
http://serverfault.com/questions/564530/403-forbidden-on-files-with-different-names-but-identical-content-and-permission
http://serverfault.com/questions/563529/openconnect-causing-problems-with-httpd-service
http://serverfault.com/questions/563509/issues-setting-up-subdomain-with-httpd
http://serverfault.com/questions/562567/best-apache-mysql-config-for-16gb-and-8-cores
http://serverfault.com/questions/561770/service-httpd-is-failing-to-start-fcgid-cant-create-shared-memory
http://serverfault.com/questions/561331/intermittent-aws-linux-ami-server-error-file-does-not-exist-var-www-html-var
http://serverfault.com/questions/561207/centos-https-error-upon-starting-apache
http://serverfault.com/questions/561105/allow-users-to-access-apache-only-using-url-not-ip
http://serverfault.com/questions/560999/multiple-httpd-with-jboss-cluster-provide-httpd-ha
http://serverfault.com/questions/560396/error-while-restarting-httpd-in-fedora-8
http://serverfault.com/questions/280222/viewing-complete-computed-apache-httpd-configuration
http://serverfault.com/questions/278552/httpd-cannot-make-httpd-to-run-under-apache-user
http://serverfault.com/questions/278520/what-is-the-impact-of-increasing-the-httpd-process-priority-negative-nice
http://serverfault.com/questions/277185/a-fallback-web-server
http://serverfault.com/questions/275633/redirect-https-subdomains-to-www-domain
http://serverfault.com/questions/275512/put-request-results-in-403-forbidden-need-apache-to-allow-put-requests
http://serverfault.com/questions/274410/redirecting-www-example-com-folder-to-folder-example-com
http://serverfault.com/questions/274604/apache-on-windows-grinds-to-a-halt
http://serverfault.com/questions/273798/when-to-run-apache-httpd-tomcat
http://serverfault.com/questions/273613/having-apache-access-to-multiple-folders-in-windows-server-2008
http://serverfault.com/questions/273505/default-name-server-behavior-named-conf-configuration-bind9
http://serverfault.com/questions/272856/is-this-normal-multiple-httpd-process
http://serverfault.com/questions/272798/start-httpd-from-a-customers-account
http://serverfault.com/questions/272672/fast-way-to-run-cssless-on-httpd
http://serverfault.com/questions/271887/apache-does-not-load-work-even-with-htaccess-authentication
http://serverfault.com/questions/112035/idn-and-http-host
http://serverfault.com/questions/110207/running-out-of-swap-space-on-web-servers-what-to-do
http://serverfault.com/questions/109348/apache-httpd-conf-multiple-virtualhosts-on-a-single-ip
http://serverfault.com/questions/108011/500-internal-server-error-running-php-file-in-cgi-bin
http://serverfault.com/questions/107467/attempt-to-invoke-directory-as-script
http://serverfault.com/questions/105714/how-can-you-obscure-the-fact-that-you-are-running-apache
http://serverfault.com/questions/100225/apache-httpd-wont-stop-doing-reverse-dns-requests-for-clients-ips
http://serverfault.com/questions/100205/apache-name-based-virtual-hosts-configuring-httpd-conf-file
http://serverfault.com/questions/98805/using-mod-proxy-convert-http-myapp-acme-com-foo-com-index-html-to-http-f
http://serverfault.com/questions/98321/troubleshooting-httpd-in-linux
http://serverfault.com/questions/97125/yum-doesnt-update-httpd-past-version-2-2-3-on-centos
http://serverfault.com/questions/94122/web-browsers-dont-show-download-progress-when-downloading-from-my-apache-server
http://serverfault.com/questions/93246/apache-is-up-but-does-not-read-requests
http://serverfault.com/questions/88557/mod-cache-serving-the-wrong-content
http://serverfault.com/questions/86972/the-connection-was-reset
http://serverfault.com/questions/324856/apache-httpd-conf-redirect-with-x-forward-for-not-working
http://serverfault.com/questions/324787/tomcat6-standalone-vs-tomcat6-httpd
http://serverfault.com/questions/324278/cant-access-specific-directory-files-on-apache-server-not-found
http://serverfault.com/questions/324103/too-many-httpd-processes-running-and-centos-server-freeze
http://serverfault.com/questions/323511/selinux-on-rhel6-httpd-config-documentroot-path-does-exist-does-not-exist
http://serverfault.com/questions/323169/showing-httpd-exe-application-error-on-server
http://serverfault.com/questions/321647/apache-1-virtual-host-definition-listening-on-2-ips-how
http://serverfault.com/questions/320687/rewrite-engine-setting
http://serverfault.com/questions/320527/tomcat-behind-apache-httpd-ignoring-rewriterule
http://serverfault.com/questions/319907/strange-requests-to-to-my-hostname-like-server-hostname-xx-options-http-1-0
http://serverfault.com/questions/319488/set-default-number-of-mod-wsgi-processes
http://serverfault.com/questions/319318/apache-running-but-no-response-from-server
http://serverfault.com/questions/319120/httpd-vhosts-config-with-varnish-1-server-w-multiple-domains
http://serverfault.com/questions/318428/cant-get-apache-2-2-21-to-compile-with-openssl-support
http://serverfault.com/questions/318364/how-to-set-maximum-concurrent-connection-for-virtual-host
http://serverfault.com/questions/734450/running-docker-on-a-subdomain-of-an-apache-vps
http://serverfault.com/questions/734103/allow-domain-in-httpd-conf-file-block-rule
http://serverfault.com/questions/734090/run-apache-http-apache-tomcat-and-nodejs-on-same-port
http://serverfault.com/questions/731643/apache-server-directive-status-directive-for-balancermember-need-to-understand
http://serverfault.com/questions/731072/already-enabled-x-forwarded-for-in-haproxy-but-mod-remoteip-2-2-backport-still
http://serverfault.com/questions/730878/high-apache-memory-usage-when-using-event-mpm
http://serverfault.com/questions/730851/sha256-openssl-0-9-8q-and-httpd-2-0-59
http://serverfault.com/questions/730057/how-to-get-a-useful-error-about-failed-htaccess-redirects
http://serverfault.com/questions/729380/setting-httpd-to-be-accessible-through-network
http://serverfault.com/questions/728604/centos-7-trying-to-make-httpd-website-available-only-through-pptp-vpn
http://serverfault.com/questions/728263/charset-doesnt-work-nginxapache-after-php5-4php5-6-update
http://serverfault.com/questions/727330/freeipa-without-web-ui-or-change-of-ports
http://serverfault.com/questions/727217/how-do-you-harden-a-home-linux-server-for-serving-httpd-sshd-cacti-etc
http://serverfault.com/questions/726865/starting-httpd-ah00526-syntax-error-on-line-7-of-etc-httpd-conf-d-modsecurity
http://serverfault.com/questions/725622/apache-httpd-problems-with-mpm-worker
http://serverfault.com/questions/202443/compiling-httpd-apache2-fails-with-link-error-for-libexpat-la
http://serverfault.com/questions/201576/apache-unknown-request-from-unknown-user
http://serverfault.com/questions/200061/hide-redirects-using-mod-rewrite
http://serverfault.com/questions/199264/httpd-no-pid-file-not-running-while-restarting-apache
http://serverfault.com/questions/198039/apache-httpd-bad-caching-on-drupal-pages-that-include-content-from-tomcat
http://serverfault.com/questions/195240/is-there-a-way-to-increase-the-maximum-allow-url-length-for-incoming-requests-on
http://serverfault.com/questions/195000/whats-happening-when-apaches-httpd-mem-climbs-20-and-the-cpus-wa-is-runnin
http://serverfault.com/questions/194351/reverse-proxy-problem-with-apache
http://serverfault.com/questions/193299/httpd-conf-setting-to-allow-scripts-to-connect-to-the-network
http://serverfault.com/questions/192511/view-httpd-lighttpd-modules-that-are-installed-on-shared-hosting
http://serverfault.com/questions/191101/case-in-sensitivity-for-apache-httpd-location-directive
http://serverfault.com/questions/188333/apache2-primary-virtualhost
http://serverfault.com/questions/188189/svn-checkout-on-the-svn-server-causes-the-repo-to-break-with-a-301-error
http://serverfault.com/questions/186821/httpd-addtype-directive
http://serverfault.com/questions/185954/hosts-file-entries-for-multiple-domains-on-vps
http://serverfault.com/questions/465940/increasing-log-level-to-catch-issues
http://serverfault.com/questions/465907/remove-404-errors-from-apaches-master-log-file
http://serverfault.com/questions/465592/why-isnt-index-html-loading-when-i-enter-my-sites-domain-name
http://serverfault.com/questions/464338/apache2-glassfishtomcat-redirecting-some-but-not-all-requests-on-80-to-glass
http://serverfault.com/questions/463696/httpd-in-front-of-jboss-and-ejbca-certificate-generation
http://serverfault.com/questions/462328/apache-custom-log-is-commented-out-but-apache-still-outputs-access-log
http://serverfault.com/questions/462173/how-to-prevent-cpanel-from-doing-graceful-restart-every-time-an-add-on-domain-is
http://serverfault.com/questions/462064/why-httpd-graceful-restart-takes-such-a-long-time
http://serverfault.com/questions/462059/server-is-down-after-updating-httpd-conf
http://serverfault.com/questions/461515/apache-wont-listen-on-specified-port
http://serverfault.com/questions/461223/error-messages-when-enabling-server-status-on-centos-with-apache-version-httpd
http://serverfault.com/questions/460247/add-a-trailing-slash-to-url-before-invoking-silex
http://serverfault.com/questions/460042/how-do-i-setup-virtualhosts-to-point-two-ports-on-same-ip-to-different-servernam
http://serverfault.com/questions/459275/apache-fails-silently-after-installation-of-mapserver-6-2-0
http://serverfault.com/questions/459005/redhat-apache-web-server-configuration
http://serverfault.com/questions/724963/httpd-web-server-serving-content-different-download-rate-from-clients
http://serverfault.com/questions/723523/anyone-know-what-could-cause-this-pattern-of-http-requests
http://serverfault.com/questions/722572/setting-and-working-webserver-environment-variables
http://serverfault.com/questions/720982/apache-environment-variables-for-cgi-not-setting
http://serverfault.com/questions/718705/apache-directory-to-listen-on-certain-port
http://serverfault.com/questions/718402/how-install-php-5-4-mod-security-and-mod-evasive-together-without-conflict
http://serverfault.com/questions/718015/apache-failure-on-centos-7-not-starting
http://serverfault.com/questions/717910/httpd-error-log-error-document-has-not-the-mandatory-ending-eof
http://serverfault.com/questions/717886/map-url-with-folder-on-tomcat
http://serverfault.com/questions/717679/apache-httpd-reverse-proxy-delegate-ssl-to-backend
http://serverfault.com/questions/716865/httpd-rewritemap-using-querystring
http://serverfault.com/questions/716370/subversion-mirror-has-issues-possible-to-back-out-most-recent-revisions-on-the
http://serverfault.com/questions/716084/define-virtual-hosts-on-azure-linux
http://serverfault.com/questions/715582/virtualhost-document-root-changing-web-root-for-entire-server
http://serverfault.com/questions/715042/configure-apache-with-session-logic
http://serverfault.com/questions/370195/apache-httpd-error-mod-rewrite-cant-access-dbm-rewritemap-file
http://serverfault.com/questions/369458/apache-require-basic-auth-except-for-specific-post-requests
http://serverfault.com/questions/369384/apache-mpm-event-in-apache-2-4
http://serverfault.com/questions/369280/multiple-instances-of-httpd-running-and-virtual-memory-constantly-running-out
http://serverfault.com/questions/369173/apache-print-syntax-errors-to-console-instead-of-logfile
http://serverfault.com/questions/368996/apache-is-not-using-swap-and-its-reporting-page-allocation-failure
http://serverfault.com/questions/368697/ssl-library-error-218570875-error0d07207basn1-encoding-routinesasn1-get-obje
http://serverfault.com/questions/368325/how-to-block-some-robots-and-referer-pages-in-apache-root-level
http://serverfault.com/questions/421398/apache-php-fpm-random-error-parsing-script-headers-seg-faults
http://serverfault.com/questions/367159/how-to-prevent-bots-from-trying-to-guess-a-link-on-my-site
http://serverfault.com/questions/366435/apache2-conf-how-to-set-a-param-for-a-module-in-based-on-url-parameter
http://serverfault.com/questions/365465/invalid-configuration-noarch-redhat-linux-gnu-machine-noarch-redhat-not-rec
http://serverfault.com/questions/365411/downgrading-httpd-on-centos4-with-yum
http://serverfault.com/questions/365205/why-are-there-many-httpd-process-on-the-machine-while-i-only-started-one-apache
http://serverfault.com/questions/364538/why-does-the-httpd-process-consume-so-much-memory
http://serverfault.com/questions/458350/httpd-restart-address-already-in-use-error
http://serverfault.com/questions/457508/mod-access-for-lighttpd-causes-a-403-error-for-all-post-requests
http://serverfault.com/questions/457094/perl-scripts-cant-be-run-from-an-alias
http://serverfault.com/questions/456915/centos-6-debuginfo-repository-does-not-have-httpd-debug-version-available
http://serverfault.com/questions/456583/apache-mod-spdy-enable-disable-per-virtualhost
http://serverfault.com/questions/454924/trying-to-use-mod-proxy-with-httpd-and-tomcat
http://serverfault.com/questions/454915/virtualbox-and-centos-6-cannot-connect-to-httpd-after-reboot
http://serverfault.com/questions/453867/mod-authnz-ldap-not-finding-objects-but-cant-figure-out-why
http://serverfault.com/questions/453562/proxypass-on-httpd-breaking-encoding
http://serverfault.com/questions/453102/what-are-the-minimum-required-modules-to-run-wordpress
http://serverfault.com/questions/452419/httpd-auth-login-restriction
http://serverfault.com/questions/452300/installing-distcache-on-centos-6-3
http://serverfault.com/questions/451483/spawning-httpd-processes
http://serverfault.com/questions/449829/host-name-change-breaking-http-fedora
http://serverfault.com/questions/449564/apache-how-to-ignore-paths-and-paramaters-in-301-redirect
http://serverfault.com/questions/286681/getting-php5-to-install
http://serverfault.com/questions/286613/just-started-up-a-fresh-amazon-rhel-instance-running-httpd-why-is-it-not-access
http://serverfault.com/questions/285916/apache-on-localhost-needs-restart-at-every-boot
http://serverfault.com/questions/285408/centos-apache-and-ssl
http://serverfault.com/questions/285151/stopped-httpd-is-starting-alone
http://serverfault.com/questions/285137/httpd-using-100-cpu-what-does-it-really-mean
http://serverfault.com/questions/285005/how-would-i-run-two-different-web-servers-on-the-same-server
http://serverfault.com/questions/284493/disable-selinux-file-read-protection-for-httpd
http://serverfault.com/questions/284441/squid-system-returned-13-permission-denied
http://serverfault.com/questions/284344/help-installing-fastcgi-on-linux
http://serverfault.com/questions/283658/apache-taking-up-too-much-cpu
http://serverfault.com/questions/283513/apache-customlog-to-log-full-url
http://serverfault.com/questions/283236/apache2-not-defined-domains-directing-to-the-same-virtual-host
http://serverfault.com/questions/282215/script-to-automatically-test-if-a-web-site-is-available
http://serverfault.com/questions/280248/enabling-mod-wsgi-with-selinux-is-there-a-way
http://serverfault.com/questions/334812/can-i-compile-passenger-mod-rails-mod-rack-to-make-a-statically-linked-apache
http://serverfault.com/questions/334076/how-to-find-out-why-a-request-takes-long-to-appear-in-apache-access-log
http://serverfault.com/questions/334309/cant-start-httpd
http://serverfault.com/questions/334028/mismatch-between-target-uid-99-and-uid-xx-of-file
http://serverfault.com/questions/333714/removing-www-from-subdomain-for-staging-server-via-httpd-conf
http://serverfault.com/questions/333534/nginx-rewrites-incorrectly
http://serverfault.com/questions/372228/virtual-host-configuration-apache-httpd-running-on-non-80-port
http://serverfault.com/questions/332554/apache2-cant-close-connections-with-restart
http://serverfault.com/questions/332157/setting-up-dns-for-the-first-time-questions-about-fqdn-and-cpanel
http://serverfault.com/questions/330283/setting-http-domain-and-http-ip-to-show-different-directories
http://serverfault.com/questions/329554/what-should-a-post-request-in-the-apache-access-log-look-like
http://serverfault.com/questions/329355/issues-with-proxypass-and-proxypassreverse-when-proxying-to-localhost-and-a-diff
http://serverfault.com/questions/328957/apache-not-working-on-external-ip-on-centos
http://serverfault.com/questions/326448/httpd-cranks-up-to-100-cpu-on-osx-snow-leopard-local-dev-machine-how-to-fix
http://serverfault.com/questions/325781/can-you-determine-which-apache-modules-have-been-used-and-can-be-removed
http://serverfault.com/questions/449427/how-to-tell-httpd-to-preserve-the-proxied-error-message
http://serverfault.com/questions/448959/apache-alias-virtualhost-run-as-different-user
http://serverfault.com/questions/447124/apache-httpd-how-is-possible-to-display-too-many-connections
http://serverfault.com/questions/446397/mysql-and-apache-dont-free-memory-after-ending-connections
http://serverfault.com/questions/446184/checking-problems-with-running-a-new-site-on-centos
http://serverfault.com/questions/446131/the-proxy-server-received-an-invalid-response-from-an-upstream-server
http://serverfault.com/questions/445468/apache-virtual-server-httpd-vhosts-undocumented-issue
http://serverfault.com/questions/445448/apache-as-backend-server-doesnt-kill-childs
http://serverfault.com/questions/445310/httpd-running-as-www-instead-of-www-as-it-used-to
http://serverfault.com/questions/443332/how-to-fix-namevirtualhost80-has-no-virtualhosts-on-apache2-first-time-install
http://serverfault.com/questions/443223/configure-plesk-only-for-tomcat-java
http://serverfault.com/questions/442328/cannot-able-to-start-named-services-in-ssh
http://serverfault.com/questions/442081/apache-graceful-kill-fail-sending-sigkill-how-much-is-too-much
http://serverfault.com/questions/442000/upgrade-centos-apache-to-httpd-2-2-23
http://serverfault.com/questions/442377/how-do-i-configure-apache-to-accept-a-client-ssl-certificate-if-present-or-aut
http://serverfault.com/questions/296198/php-files-not-getting-parsed
http://serverfault.com/questions/295975/add-a-directory-to-the-apache-web-root
http://serverfault.com/questions/295955/what-should-be-the-role-of-iptables-of-a-typical-apache-web-server-on-the-intern
http://serverfault.com/questions/295784/setting-up-a-virtual-host-on-linux
http://serverfault.com/questions/295297/server-maxing-out-connections-and-ram
http://serverfault.com/questions/295304/basic-apache-httpd-server-setup-becomes-slow-to-serve-images-requiring-frequent
http://serverfault.com/questions/294937/handling-log-and-configuration-files-when-load-balancing-apache
http://serverfault.com/questions/290760/apache-vhost-configuration-precedence
http://serverfault.com/questions/290184/apache-name-based-vhost-serveralias
http://serverfault.com/questions/289683/maxclients-in-apache-how-to-know-the-size-of-my-proccess
http://serverfault.com/questions/289025/apache-is-not-responding-from-the-outside-firewall-iptables-problem
http://serverfault.com/questions/287885/cant-restart-apache-httpd
http://serverfault.com/questions/287411/setuptool-utility-for-centos-5-5-is-not-showing-all-the-options-id-expect
http://serverfault.com/questions/287525/bash-setupcommand-not-found-error-on-centos
http://serverfault.com/questions/287156/cant-find-the-correct-configuration-of-apache-on-centos-5-6-for-trac-0-12-2
http://serverfault.com/questions/702981/security2-module-for-apache-is-causing-the-forbidden-you-dont-have-permission
http://serverfault.com/questions/702951/wordpress-shows-permanent-loop-redirect-after-upgrading-from-apache-2-2-to-apach
http://serverfault.com/questions/702695/apache-server-does-not-update-certificate-for-subdomains-after-restart
http://serverfault.com/questions/701703/exclude-1-file-from-htpasswd-in-httpd-conf
http://serverfault.com/questions/701676/mod-evasive-cant-be-installed-undefined-symbol-evasive24-module
http://serverfault.com/questions/701295/creating-a-webserver-httpd-using-vsftpd-in-centos
http://serverfault.com/questions/701231/adding-a-new-domain-to-my-vps-not-working-centos-apache
http://serverfault.com/questions/700547/set-virtualhost-for-tomcat-8-webservice-on-aws-ec2
http://serverfault.com/questions/700142/why-do-i-have-2-httpd-module-folders-usr-lib64-httpd-modules-and-etc-httpd-mo
http://serverfault.com/questions/699644/mariadb-and-httpd-getting-killed-due-to-memory
http://serverfault.com/questions/699307/how-to-grant-access-to-var-run-to-postgres-on-centos
http://serverfault.com/questions/699200/apache-losing-virtualhost-configurations-randomly
http://serverfault.com/questions/698531/does-linux-apache-httpd-or-php-cache-frequently-recently-accessed-files
http://serverfault.com/questions/698270/how-to-terminate-a-processhttpd-when-its-pid-keeps-on-changing-in-centos-7
http://serverfault.com/questions/697519/apache-throwing-error-the-requested-operstion-has-failed
http://serverfault.com/questions/309648/load-a-php-page-with-a-cron-job
http://serverfault.com/questions/309507/i-restarted-apache-and-now-im-receiving-the-following-errors
http://serverfault.com/questions/307560/any-difference-between-httpd-and-apache2
http://serverfault.com/questions/306714/is-it-possible-to-reload-httpd-from-php
http://serverfault.com/questions/305388/how-to-test-keep-alive-is-working-on-client-end
http://serverfault.com/questions/304800/httpd-error-and-access-logs-not-updating
http://serverfault.com/questions/304146/apache-files-correct-syntax-load-config-only-if-find-a-specified-file
http://serverfault.com/questions/303383/httpd-failures-status-unknown
http://serverfault.com/questions/300314/log-server-kernel-info-task-httpd000000-blocked-for-more-than-120-seconds
http://serverfault.com/questions/299949/cant-access-apache-after-changing-ports-to-non-80
http://serverfault.com/questions/299101/fine-tune-httpd-conf-server-crashing-after-100-concurrent-connections
http://serverfault.com/questions/298966/linux-python-is-stopped-preventing-me-to-start-a-service
http://serverfault.com/questions/298113/apache-automatic-log-splitting-per-virtual-host
http://serverfault.com/questions/328432/apache-access-denied-to
http://serverfault.com/questions/297813/apache-allow-directory-browsing-when-using-svnparentpath
http://serverfault.com/questions/595241/apache-httpd-response-time-increase-with-concurrent-connections
http://serverfault.com/questions/594480/service-httpd-status-shows-internal-server-error
http://serverfault.com/questions/594424/subversion-on-apache-checkout-failed-405-method-not-allowed
http://serverfault.com/questions/593962/apache-hanging-for-300-seconds
http://serverfault.com/questions/592395/how-do-i-disable-httpd-service-on-startup-centos-5
http://serverfault.com/questions/591118/difference-between-httpd-k-start-and-service-httpd-start
http://serverfault.com/questions/590644/weird-apache-httpd-403-error
http://serverfault.com/questions/590486/pagespeed-gzip-facebook-like-button
http://serverfault.com/questions/590351/httpd-multiple-ip-addresses-go-to-the-same-location
http://serverfault.com/questions/589805/configuring-httpd-with-valid-invalid-ips
http://serverfault.com/questions/589683/httpd-service-will-not-start-on-boot-under-centos-6
http://serverfault.com/questions/589558/enabling-mod-session-crypto-hangs-apache-2-4
http://serverfault.com/questions/588535/how-add-ssl-443-to-apache-server-without-virtual-host
http://serverfault.com/questions/587782/roundcube-too-many-sleep-connections-in-mysql
http://serverfault.com/questions/587278/need-help-overriding-a-strict-httpd-conf-directory-setting
http://serverfault.com/questions/477777/i-deleted-etc-httpd-conf-d-zz010-psa-httpd-conf-what-do-i-do
http://serverfault.com/questions/475952/cant-access-both-tomcats-from-apache
http://serverfault.com/questions/473957/nginx-redirecting-not-proxying-to-the-apache-backend-when-a-trailing-slash-is
http://serverfault.com/questions/473377/htaccess-rewrite-incomplete
http://serverfault.com/questions/472390/cant-make-httpd-use-correct-ssl
http://serverfault.com/questions/472145/apache-httpd-not-starting-automatically-on-boot
http://serverfault.com/questions/471706/sudden-high-cpu-usage-by-httpd
http://serverfault.com/questions/471086/getting-gzip-compression-to-work-on-my-server-modules
http://serverfault.com/questions/470822/script-to-restart-httpd-if-crashed
http://serverfault.com/questions/470407/how-to-get-a-core-dump-from-apache-when-segfaulting
http://serverfault.com/questions/469986/issues-with-htaccess-url-rewrite-specific-for-cpanel-type-hosting
http://serverfault.com/questions/469312/apachectl-missing-from-apache-httpd-binary
http://serverfault.com/questions/469245/how-do-you-determine-what-package-is-compatible-with-installed-software-centos-5
http://serverfault.com/questions/469118/directory-existence-before-restarting-apache
http://serverfault.com/questions/468886/from-which-apache-version-onward-is-limitrequestfieldsize-no-longer-hardcoded-to
http://serverfault.com/questions/643888/nginx-shutting-down-periodically
http://serverfault.com/questions/642845/apache-phantom-long-requests-returning-408
http://serverfault.com/questions/642754/apache-and-nginx-on-one-server
http://serverfault.com/questions/642449/jenkins-freezes-my-server-periodically-and-randomly
http://serverfault.com/questions/640117/request-entity-too-large-mod-jk
http://serverfault.com/questions/638893/upgrading-to-php-5-6-using-yum-remi-repo
http://serverfault.com/questions/637158/change-403-error-to-410-error
http://serverfault.com/questions/636654/ssl-version-of-site-served-by-main-server-instead-of-virtual-host-apache-2-2-15
http://serverfault.com/questions/634978/apache-server-ip-address-routes-to-domain-instead-of-documentroot
http://serverfault.com/questions/633614/proxy-website-centos
http://serverfault.com/questions/633410/sha-2-signed-ssl-certificate-crashes-apache-on-startup-on-centos-5-x
http://serverfault.com/questions/631760/how-to-troubleshoot-an-unresponsive-server
http://serverfault.com/questions/630968/apache-proxyremote-random-server-more-than-one-server-possible
http://serverfault.com/questions/630856/logrotate-output-to-dev-null-twice
http://serverfault.com/questions/630105/freshly-installed-apache-2-4-10-is-failing-to-construct-debian-style-configurati
http://serverfault.com/questions/351089/is-the-httpd-port-open-or-something
http://serverfault.com/questions/350957/centos-5-7-apache-to-read-the-files-inside-public-html
http://serverfault.com/questions/350186/why-does-this-pattern-not-match-query-string-in-rewritecond-while-it-matches-in
http://serverfault.com/questions/350140/how-to-setenv-for-an-alias
http://serverfault.com/questions/349924/cannot-get-www-cname-to-work-in-apache-and-bind
http://serverfault.com/questions/349748/why-are-9-httpd-processes-running-when-i-autostart-httpd-on-boot
http://serverfault.com/questions/349664/httpd-not-loading-httpd-conf-file-when-loading-through-rc-script
http://serverfault.com/questions/349371/httpd-loading-test-page-after-adding-httpd-to-startup
http://serverfault.com/questions/348777/httpd-wont-start-on-boot
http://serverfault.com/questions/348351/finding-document-root
http://serverfault.com/questions/348054/php-files-wont-open
http://serverfault.com/questions/346789/what-should-i-set-servername-to-in-httpd-conf-if-using-only-virtual-hosts
http://serverfault.com/questions/346125/ssl-error-rx-record-too-long-ff-django-startssl-windows
http://serverfault.com/questions/345850/how-to-configure-multiple-directories-on-apache
http://serverfault.com/questions/345257/add-subversion-to-xampp-apache-install
http://serverfault.com/questions/45200/why-a-sighup-signal-to-httpd-kills-the-tomcat-process
http://serverfault.com/questions/43458/setting-up-https-with-a-self-signed-certificate-on-apache
http://serverfault.com/questions/42347/webbased-log-parser-for-mod-log-sql
http://serverfault.com/questions/33310/why-stoping-httpd-with-k-stop-kills-tomcat-instances
http://serverfault.com/questions/31838/can-rhel-4-have-two-instances-of-apache-httpd-running-using-two-different-config
http://serverfault.com/questions/16829/what-happens-to-httpd-when-it-is-given-a-bad-port-number
http://serverfault.com/questions/12688/apache-httpd-cluster-logging
http://serverfault.com/questions/1267/what-can-cause-apache-httpd-to-use-100-cpu-indefinitely
http://serverfault.com/questions/252817/httpd-conf-configuration-for-https-sites
http://serverfault.com/questions/252579/getting-a-lot-of-hits-on-my-web-server-and-its-taking-down-my-httpd-possible-d
http://serverfault.com/questions/252170/cant-get-apache2-working
http://serverfault.com/questions/251970/mod-proxy-and-trailing-slashes
http://serverfault.com/questions/250589/run-cgi-script-on-commandline-as-user-www
http://serverfault.com/questions/249342/httpd-restart-time
http://serverfault.com/questions/248596/unsupported-marker-type-in-httpd-error-log
http://serverfault.com/questions/247748/httpd-dead-but-subsys-locked
http://serverfault.com/questions/243411/how-to-troubleshoot-apache-httpd-that-just-went-silent
http://serverfault.com/questions/242944/apache-redirect-subdomain-to-new-subdomain
http://serverfault.com/questions/242292/apache-getting-hammered-by-nonsense-requests-how-to-stop
http://serverfault.com/questions/240575/is-giving-read-permissions-on-etc-shadow-to-apache-user-a-wise-decision-from-se
http://serverfault.com/questions/239195/apache-httpd-problem
http://serverfault.com/questions/238982/configuring-httpd-behind-varnish-on-a-512mb-vps
http://serverfault.com/questions/238379/httpd-command-line-not-recognized
http://serverfault.com/questions/72661/apache-mod-rewrite-remove-question-mark-and-query-string-substitution
http://serverfault.com/questions/72490/httpready-problem-on-apache-httpd-restart-on-freebsd
http://serverfault.com/questions/72121/how-to-avoid-floods-like-this
http://serverfault.com/questions/68120/failed-to-enable-the-dataready-accept-filter
http://serverfault.com/questions/67322/apache-2-2-localhost-virtualhosts-problems
http://serverfault.com/questions/65349/simple-users-guide-tutorial-for-apache-httpd
http://serverfault.com/questions/65076/apache-reverse-proxy-to-process-php-from-another-server
http://serverfault.com/questions/64726/httpd-memory-could-not-be-written-on-winxp
http://serverfault.com/questions/61631/proper-steps-for-updating-apache-conf-on-production-server
http://serverfault.com/questions/60401/php-manual-install-path-to-apxs2-mysql
http://serverfault.com/questions/57210/disable-modsecurity-for-a-specific-directory
http://serverfault.com/questions/48713/any-suggestions-on-emitting-apache-httpd-access-logs-to-couchdb
http://serverfault.com/questions/47516/apache-and-memory-issues
http://serverfault.com/questions/46309/alias-to-twisted-server-content
http://serverfault.com/questions/46269/setting-up-wildcard-subdomain-with-reverse-proxy-on-apache-2-2-3
http://serverfault.com/questions/86886/overlapping-virtualhost-on-port-80
http://serverfault.com/questions/86763/fastest-web-server-for-static-dynamic-content
http://serverfault.com/questions/86676/apache-virtual-host-logging
http://serverfault.com/questions/86230/open-basedir-in-reverse-kind-of
http://serverfault.com/questions/85696/how-can-i-make-packaged-apache-work-sanely-on-centos
http://serverfault.com/questions/85397/httpd-mysql-consistently-taking-up-500-of-cpu
http://serverfault.com/questions/85172/documentroot-and-htaccess-files
http://serverfault.com/questions/84233/monit-doesnt-pick-up-httpd-process-after-reset
http://serverfault.com/questions/83815/gzip-on-httpd-or-on-tomcat
http://serverfault.com/questions/81584/oracle-php-apache
http://serverfault.com/questions/80115/redirecting-from-www-domain-com-to-http-domain-com-in-apache-without-htacce
http://serverfault.com/questions/79148/problem-while-installing-httpd-2-2-4
http://serverfault.com/questions/78537/is-it-possible-to-list-directory-even-though-you-put-index-html-in-there
http://serverfault.com/questions/78522/is-this-a-hacking-attempt
http://serverfault.com/questions/72765/cant-start-httpd-as-root
http://serverfault.com/questions/429604/securing-ssl-requests-with-mod-cluster
http://serverfault.com/questions/427052/how-to-run-phantomjs-on-centos-with-selinux
http://serverfault.com/questions/424777/grep-var-log-for-hacker-script-kiddy-activity-and-e-mail
http://serverfault.com/questions/423847/is-it-possibile-to-use-different-web-server-for-different-domain
http://serverfault.com/questions/422137/how-to-use-the-correct-php-version-phpinfo-says-another-version
http://serverfault.com/questions/420973/apache-not-restarting-properly
http://serverfault.com/questions/420471/does-this-iptables-rules-forbid-access-to-server-using-https-7777
http://serverfault.com/questions/420245/pbkdf2-or-bcrypt-hash-implementation-for-apache-httpd-or-apr
http://serverfault.com/questions/419930/undefined-symbol-apr-memcache-add-server
http://serverfault.com/questions/418895/how-to-redirect-page-in-apache
http://serverfault.com/questions/418657/cf10-mod-jk-so-wont-load-with-rhel-5-6-and-apache-httpd-2-2-3
http://serverfault.com/questions/418303/after-enabling-rewritelog-in-htacess-i-failed-to-open-my-web-site
http://serverfault.com/questions/418164/who-is-1014-i-have-no-user-on-my-system-named-1014-so-why-is-this-httpd-proces
http://serverfault.com/questions/418092/deny-urls-with-a-parent-in-the-path-in-apache
http://serverfault.com/questions/417806/calling-sudo-within-a-script-that-was-called-with-sudo-prompts-for-password-even
http://serverfault.com/questions/675710/apache-cant-access-from-wan-on-archlinux
http://serverfault.com/questions/675397/users-currently-requesting-pages
http://serverfault.com/questions/675096/does-the-apache-httpd-basic-auth-functionality-have-a-constant-time-password-com
http://serverfault.com/questions/673625/how-to-set-a-cache-control-header-based-on-presence-of-query-parameter
http://serverfault.com/questions/671872/os-x-server-httpd-processes-hogging-cpu
http://serverfault.com/questions/671776/httpd-process-using-high-cpu-and-seems-to-be-loading-all-log-files
http://serverfault.com/questions/670418/centos-6-apache-2-4-drop-in-replacement-for-apache-2-2-via-yum
http://serverfault.com/questions/667558/do-i-have-2-different-apache-installations-on-my-vps
http://serverfault.com/questions/666799/virtualdocumentroot-and-proxypassmatch
http://serverfault.com/questions/665679/trying-to-track-down-why-httpd-would-be-trying-to-connect-to-a-tor-port
http://serverfault.com/questions/665231/the-alias-directive-will-probably-never-match-because-it-overlaps-an-earlier-ali
http://serverfault.com/questions/664843/apache-reverse-proxy-with-ipv6-troubles
http://serverfault.com/questions/664680/apache-container-with-server-status
http://serverfault.com/questions/663737/export-specific-certificate-from-jks-using-keytool
http://serverfault.com/questions/660062/many-httpd-process-run-by-nobody-user
http://serverfault.com/questions/441901/apache-httpd-processes-and-php-out-of-memory
http://serverfault.com/questions/439364/apache-being-flooded
http://serverfault.com/questions/438437/httpd-2-4-missing-directives
http://serverfault.com/questions/437763/httpd-vsftpd-and-the-annoying-selinux
http://serverfault.com/questions/437434/apache-httpd-ldap-integration
http://serverfault.com/questions/436779/httpd-access-error-in-installing-joomla-template
http://serverfault.com/questions/435950/how-to-log-slow-http-responses
http://serverfault.com/questions/435257/ad-git-selinux-rhel-6-can-not-get-selinux-to-allow-connetion-to-git
http://serverfault.com/questions/434599/why-does-apache-httpd-tell-me-that-my-name-based-virtualhosts-only-works-with-sn
http://serverfault.com/questions/434264/httpd-redirect-rewrite-com-to-org
http://serverfault.com/questions/433727/apache-httpd-java-application
http://serverfault.com/questions/431804/apache-ldap-auth-denied-all-time
http://serverfault.com/questions/431017/centos-server-running-cakephp-cant-access-remote-mysql-server
http://serverfault.com/questions/430878/reporting-penetration-attempts-to-my-server
http://serverfault.com/questions/430125/is-this-an-ok-way-to-install-apache-with-ssl-on-centos-6
http://serverfault.com/questions/586731/apache-fails-to-start-after-php-upgrade-on-centos-6-5-x64
http://serverfault.com/questions/586660/impossible-to-start-httpd-on-centos-5-5
http://serverfault.com/questions/585619/cannot-kill-httpd-process-even-with-9
http://serverfault.com/questions/585504/apache-fails-to-start-with-new-ssl-certificate
http://serverfault.com/questions/584855/apache-redirect-to-another-server-with-subdomain
http://serverfault.com/questions/584747/installing-apache-httpd-2-4-with-included-apr
http://serverfault.com/questions/584712/ngnix-to-apache-configure-proxy-settings
http://serverfault.com/questions/583074/how-do-i-proxy-user-context-from-httpd-mod-proxy-to-tomcat
http://serverfault.com/questions/582322/apache-memory-corruption-in-strace
http://serverfault.com/questions/581529/why-isnt-laravels-php-artisan-serve-server-being-accessible-from-the-www-on-ii
http://serverfault.com/questions/580388/high-volume-settings-for-apache-tomcat-mod-jk
http://serverfault.com/questions/580277/having-trouble-starting-restarting-httpd-apache
http://serverfault.com/questions/580035/why-do-we-need-allow-when-we-have-require-in-httpd
http://serverfault.com/questions/577509/apache-auth-directive-cascade-to-alias-directories
http://serverfault.com/questions/575681/possible-to-modify-host-in-headers
http://serverfault.com/questions/344984/unable-to-get-mod-rewrite-to-stop-processing
http://serverfault.com/questions/344673/rewriting-subdomain-domain-com-when-other-subdomains-exist
http://serverfault.com/questions/344615/permissions-of-httpd-apache2-and-running-certain-php-commands
http://serverfault.com/questions/344585/centos-httpd-downloading-pages-instead-of-parsing-them
http://serverfault.com/questions/343001/unidentifiable-httpd-log-rotator
http://serverfault.com/questions/342537/can-httpd-check-permissions-of-private-key-file-used-with-ssl-certificate
http://serverfault.com/questions/341891/apaches-configuration-sharing-same-deny-from-between-multiple-virtualhosts
http://serverfault.com/questions/341126/tool-to-canonicalize-many-100x-horrible-apache-httpd-www-mysite-com-conf-confi
http://serverfault.com/questions/339680/set-header-for-certain-file-types-using-apache2-mod-headers
http://serverfault.com/questions/339511/centos6-httpd-mod-file-cache
http://serverfault.com/questions/338872/apache-mod-deflate-only-for-files-larger-than-1000-bytes
http://serverfault.com/questions/337100/apache-uses-more-memory-than-phps-memory-limit
http://serverfault.com/questions/337022/why-do-files-need-to-be-world-readable-for-apache-to-server-them
http://serverfault.com/questions/335697/apache-httpd-process-4mb-memory-use-wordpress-dedicated-server
http://serverfault.com/questions/335201/cpu-utilization-lamp-stack
http://serverfault.com/questions/415487/service-httpd-restart-error
http://serverfault.com/questions/415447/cannot-install-ioncube-on-php
http://serverfault.com/questions/415033/httpd-process-consuming-loads-of-memory
http://serverfault.com/questions/413911/how-to-set-directory-for-a-specific-country-in-apache
http://serverfault.com/questions/413882/cant-start-apache-says-html-folder-not-directory
http://serverfault.com/questions/413828/what-exactly-rebuildhttpdconf-script-do
http://serverfault.com/questions/413665/plesk-11-centos-6-how-to-configure-what-is-recorded-in-the-apache-access-log
http://serverfault.com/questions/413405/how-to-determine-httpd-memory-usage
http://serverfault.com/questions/412305/connecting-to-external-website-routes-to-local-httpd-server
http://serverfault.com/questions/412181/centos-apache-basic-auth-returning-403-instead-of-401
http://serverfault.com/questions/412143/cant-create-a-working-init-d-for-apache-2-4-2-on-centos
http://serverfault.com/questions/411367/httpd-using-hundreds-of-mb-memory
http://serverfault.com/questions/410559/apache-server-relative-redirect
http://serverfault.com/questions/410461/mod-dir-redirect-behind-load-balancer-with-wrong-port
http://serverfault.com/questions/410213/strange-httpds-error-log-recurring-error-message
http://serverfault.com/questions/488843/anonymous-access-to-icinga-cgi
http://serverfault.com/questions/488530/cant-restart-my-httpd-service
http://serverfault.com/questions/488115/configure-iptables-to-allow-in-out-bound-connections-from-the-wan-web-and-only
http://serverfault.com/questions/488087/running-httpd-httpd-dead-but-subsys-locked
http://serverfault.com/questions/487412/centos-6-4-server-installation-and-setup
http://serverfault.com/questions/487297/load-balancing-using-httpd-mod-cluster-and-tomcat-not-working
http://serverfault.com/questions/486942/mod-cluster-and-tomcat-load-balancing-design
http://serverfault.com/questions/486799/setting-permissions-for-mp4-and-png-files-in-htaccess
http://serverfault.com/questions/485662/hide-every-directory-in-a-folder-from-index-but-not-their-contents
http://serverfault.com/questions/485445/apache-trailing-slash-redirect-to-https
http://serverfault.com/questions/484599/do-i-need-a-download-server
http://serverfault.com/questions/484002/what-does-this-netstat-output-mean
http://serverfault.com/questions/483991/temporarily-stop-everyone-from-accessing-mysql-db
http://serverfault.com/questions/478704/apache-internal-redirect-limit-reached
http://serverfault.com/questions/477988/apache-httpd-2-x-necessary-modules
http://serverfault.com/questions/377661/how-to-rewrite-25-in-url
http://serverfault.com/questions/377593/php-wont-run-on-fedora-15
http://serverfault.com/questions/377254/apache-consuming-a-lot-of-memory
http://serverfault.com/questions/376570/httpd-expect-script-fail-no-more-ptys-if-httpd-is-not-run-through-cli
http://serverfault.com/questions/374810/httpd-server-computer-freezes-up-entirely
http://serverfault.com/questions/374883/centos-apache-httpd-configuration-403-forbidden
http://serverfault.com/questions/372774/grepping-through-the-results-of-apachectl-s
http://serverfault.com/questions/372710/what-linux-distro-would-your-recommend-for-my-production-web-server
http://serverfault.com/questions/372588/decrypting-aes-files-in-an-apache-module
http://serverfault.com/questions/372177/password-protect-apache-user-directory-using-system-passwords
http://serverfault.com/questions/371914/two-virtual-hosts-with-internal-and-external-ip-for-same-application-same-port
http://serverfault.com/questions/371911/how-to-exclude-a-specific-url-from-basic-authentication-in-apache
http://serverfault.com/questions/371890/redirectmatch-redirect-every-url-to-https-except-few-urls
http://serverfault.com/questions/371194/downgrading-httpd-on-fedora-16
http://serverfault.com/questions/370709/ec2-unable-to-install-httpd
http://serverfault.com/questions/263015/hide-folder-using-apache-httpd
http://serverfault.com/questions/262868/logrotate-configuration-for-httpd-centos
http://serverfault.com/questions/262737/httpd-conf-match-absolute-file
http://serverfault.com/questions/262037/how-to-install-mod-ssl-with-minimum-effect-on-a-running-site
http://serverfault.com/questions/261092/httpd-t-not-working-on-ubuntu-for-apache
http://serverfault.com/questions/259958/how-to-disable-selinux-for-apache-httpd-only-on-my-fedora-14
http://serverfault.com/questions/258637/apache-deny-from-cidr-range-but-allow-from-ip-within-that-range
http://serverfault.com/questions/258548/htaccess-vrs-httpd-conf
http://serverfault.com/questions/255824/fedora-download-file-on-startup
http://serverfault.com/questions/255354/apache-performance-help
http://serverfault.com/questions/254897/is-httpd-bind-required-for-a-server-running-gearman-python
http://serverfault.com/questions/254704/why-do-people-put-empty-index-html-files-into-web-directories
http://serverfault.com/questions/254157/php-not-working-after-apache-directory-change
http://serverfault.com/questions/253564/problems-adding-new-domain-to-httpd-conf-file
http://serverfault.com/questions/252665/how-to-statically-compile-modules-in-apache-2-2-17-for-win32
http://serverfault.com/questions/713617/krb5-conf-is-not-readable-by-httpd-process
http://serverfault.com/questions/710726/update-apache-2-4-6-to-2-4-16-in-centos-7
http://serverfault.com/questions/710461/fedora-22-server-on-hyper-v-cannot-reach-httpd
http://serverfault.com/questions/709794/why-did-my-vpn-changes-to-my-apache2-httpd-conf-make-our-server-public
http://serverfault.com/questions/709486/setting-up-a-secure-sftp-drop-folder-for-serving-web-pages
http://serverfault.com/questions/708563/defaulttype-php-5-5-for-files-that-do-not-have-any-extension-including-php
http://serverfault.com/questions/707541/tls-for-ldap-and-certificate
http://serverfault.com/questions/707114/apache-unset-a-directive
http://serverfault.com/questions/706978/send-all-linux-logs-to-remote-rsyslog-and-store-in-original-file-name
http://serverfault.com/questions/706916/jenkins-behind-ssl-my-case-not-going-through
http://serverfault.com/questions/706248/apache-httpd-mod-cache-cachestaleonerror-vs-errordocument
http://serverfault.com/questions/706102/pcs-status-error-httpd-monitor-5000-on-server-not-running-7
http://serverfault.com/questions/705186/hardening-web-server-cyphers-which-cypher-list-to-choose-or-how-to-map-between
http://serverfault.com/questions/704178/source-script-before-httpd-service-starts
http://serverfault.com/questions/703273/chkconfig-shows-off-in-all-levels-but-it-running
http://serverfault.com/questions/617472/trying-to-install-php-devel-on-aws-ec2-server-to-compile-a-php-extension-but-ge
http://serverfault.com/questions/615898/httpd-config-for-ip-based-virtual-host
http://serverfault.com/questions/614348/confused-about-dforeground-with-apache
http://serverfault.com/questions/610942/rhel6-httpd-root-ca-configuration
http://serverfault.com/questions/610620/apache-error-and-access-logs-are-missing-what-could-be-the-cause-and-how-can-i
http://serverfault.com/questions/609778/how-to-run-httpd-as-specific-users-and-not-by-nobody
http://serverfault.com/questions/608612/how-do-i-get-redirect-permanent-to-work-in-safari
http://serverfault.com/questions/608341/apache-error-reading-information-on-service-httpd-no-such-file-or-directory
http://serverfault.com/questions/607266/cenos-6-5-apache-2-2-django-project-gives-403
http://serverfault.com/questions/607257/how-can-i-reject-access-to-server-for-post-requests-with-long-content-lengths
http://serverfault.com/questions/607077/apache-not-serving-changes-to-a-file-updated-by-gulpjs
http://serverfault.com/questions/606874/mod-rewrite-based-on-http-host-dont-change-browser-address
http://serverfault.com/questions/605745/mod-perl-on-rhel-7
http://serverfault.com/questions/605309/parse-apache-logs-for-specific-verbiage-within-the-last-hour
http://serverfault.com/questions/604746/mod-security-another-rule-with-same-id
http://serverfault.com/questions/604643/overload-protection
http://serverfault.com/questions/604441/apache-httpd-mod-rewrite-with-tomcat-resulting-in-lost-jsessionid
http://serverfault.com/questions/602684/centos-6-5-svn-https-unknown-dav-provider-svn
http://serverfault.com/questions/602590/apache-httpd-pid-file-always-contains-the-wrong-pid
http://serverfault.com/questions/602311/install-php53-on-centos-5-10-without-httpd-dependency
http://serverfault.com/questions/602305/difference-between-httpd-and-httpd-devel-package-on-centos-5
http://serverfault.com/questions/601596/cant-start-httpd-2-4-9-with-self-signed-ssl-certificate
http://serverfault.com/questions/599708/apache-httpd-rotatelogs-not-working
http://serverfault.com/questions/599314/to-know-if-a-file-was-downloaded-or-not
http://serverfault.com/questions/599055/permissions-denied-on-apache-rewrite-module-virtual-host-configuration
http://serverfault.com/questions/598763/how-to-configure-selinux-to-allow-apache-to-run-git
http://serverfault.com/questions/598710/got-page-isnt-redirecting-properly-issue-in-mod-jk-clustering
http://serverfault.com/questions/598432/how-to-find-the-count-of-apache-workers-at-a-given-point-for-shared-ips
http://serverfault.com/questions/598124/enable-mod-xsendfile-only-for-subdirectory
http://serverfault.com/questions/597641/unable-to-open-logs-in-apache-error-log-debian
http://serverfault.com/questions/574870/apache-doesnt-start-syntax-error-documentroot-must-be-a-directory
http://serverfault.com/questions/574669/how-to-add-home-user-public-html-as-virtual-host-in-apache-centos
http://serverfault.com/questions/574387/http-daemon-not-responding
http://serverfault.com/questions/573821/apache-how-to-limit-content-type-header-length-to-avoid-cve-2014-0050
http://serverfault.com/questions/571998/centos-6-httpd-failed-to-start
http://serverfault.com/questions/571229/im-unable-to-symlink-a-directory-into-var-www-html
http://serverfault.com/questions/570224/how-do-i-set-up-apache-httpd-as-a-proxy-service-for-https
http://serverfault.com/questions/569900/serving-image-content-over-https-must-encryption-strength-match-that-of-the-mai
http://serverfault.com/questions/569025/internal-server-error-where-to-find-the-log-files
http://serverfault.com/questions/568089/integrating-kerberos-authentication-on-apache-with-a-git-server
http://serverfault.com/questions/567972/server-failure-in-minutes-due-to-high-httpd-apache-use-attack-or-bug
http://serverfault.com/questions/567320/difference-between-default-and-in-virtualhost-context
http://serverfault.com/questions/566893/apache-httpd-2-2-16-creates-new-sessions-every-time
http://serverfault.com/questions/566867/apache2-tomcat-receiving-request-through-apache2-results-in-timeout-and-prox
http://serverfault.com/questions/566517/running-multiple-django-projects-within-apache-sys-path-being-over-written
http://serverfault.com/questions/741851/two-reverse-proxies-with-apache-2-4-and-mod-proxy
http://serverfault.com/questions/741554/centos-7-asp-not-working
http://serverfault.com/questions/741122/200-requests-per-second-to-httpd-server-but-not-accessing-server
http://serverfault.com/questions/740934/apache-http-returns-cryptic-error-messages
http://serverfault.com/questions/739976/apache-httpd-mod-expires-does-not-work-when-deflate-is-on
http://serverfault.com/questions/738733/domain-and-subdomains-on-reverse-proxy
http://serverfault.com/questions/738673/why-is-my-redirect-not-working
http://serverfault.com/questions/738574/why-i-cannot-deny-access-to-var-www-html-index-html-in-httpd-in-ubuntu-14-04
http://serverfault.com/questions/738441/php-not-working-with-apache-on-centos-7
http://serverfault.com/questions/736303/manage-ip-access-control-through-httpd-php-app-with-virtual-host-configuration
http://serverfault.com/questions/735908/apache-serving-static-files-within-virtualhost
http://serverfault.com/questions/735819/joomla-why-is-my-tmp-folder-unwritable
http://serverfault.com/questions/735747/many-graceful-restarts-in-httpd-error-log
http://serverfault.com/questions/735071/cron-apache-access-log-keep-certain-lines-remove-duplicates
http://serverfault.com/questions/734789/wsgi-scripts-environment-is-isolated-hosted-on-httpd-centos-7
http://serverfault.com/questions/363642/one-of-two-test-sites-only-loads-in-chrome-not-in-ie-or-ff-internal-server-err
http://serverfault.com/questions/362596/nfs-mounted-userdir-in-httpd-on-centos
http://serverfault.com/questions/361501/recomended-apache-configuration
http://serverfault.com/questions/356476/libapache2-mod-auth-pgsql-and-ssl-cert-equivalent-in-centos
http://serverfault.com/questions/355717/is-it-better-to-set-keepalive-to-1-second-rather-than-turning-it-off-all-togethe
http://serverfault.com/questions/355223/centos-httpd-running-as-both-root-and-apache-user
http://serverfault.com/questions/354997/what-is-required-for-ldap-authentication-to-work
http://serverfault.com/questions/353951/restarting-the-httpd-service-in-rhel-returns-stopping-httpd-failed-how-do
http://serverfault.com/questions/353600/an-attack-what-are-the-second-status-codes286-289-for-in-the-log-a-web-scan
http://serverfault.com/questions/353530/mod-mono-centos-install-dependency-httpd-2-2
http://serverfault.com/questions/353361/how-to-redirect-from-one-port-to-another
http://serverfault.com/questions/353189/why-is-https-not-working
http://serverfault.com/questions/352541/how-should-i-deal-with-logs-before-they-get-to-big
http://serverfault.com/questions/351737/how-can-i-configure-apache-to-use-more-of-my-cpu
http://serverfault.com/questions/351600/add-httpd-service-by-linking-to-source-install-apache2
http://serverfault.com/questions/512801/httpd-ldap-and-file-authentication-error
http://serverfault.com/questions/511785/apache2-is-failing-to-stop
http://serverfault.com/questions/510549/ossec-unable-to-retrieve-alerts
http://serverfault.com/questions/510269/apache-httpd-offline-installation-on-debian
http://serverfault.com/questions/507895/building-apache-2-4-rpm
http://serverfault.com/questions/506056/virtual-hosts-only-working-for-2-4-directories
http://serverfault.com/questions/506052/why-is-g-wan-performance-so-low-on-opteron
http://serverfault.com/questions/505830/reverse-proxy-to-proxy-traffic-to-external-dns-domain-com-to-internal-str1
http://serverfault.com/questions/505757/can-we-configure-http-response-code-headers
http://serverfault.com/questions/505305/apache-gzip-compression
http://serverfault.com/questions/505056/suphp-error-directory-is-not-owned-by-admin
http://serverfault.com/questions/504547/why-do-we-get-cannot-open-file-we-use-xsendfile-with-tmp
http://serverfault.com/questions/502067/centos-6-apache2-2-vhost-configurations
http://serverfault.com/questions/501604/how-to-config-monit-for-send-mail-alert-apache-restart
http://serverfault.com/questions/501209/what-causes-my-new-web-server-to-delay-its-response
http://serverfault.com/questions/543355/options-http-1-0-in-access-log
http://serverfault.com/questions/543329/htaccess-rewrite-not-working-on-port-other-than-80
http://serverfault.com/questions/541845/http-mod-deflate-compression-works-on-some-but-not-all-css-files
http://serverfault.com/questions/541472/creating-a-public-html-for-a-user-on-a-red-hat-linux-server
http://serverfault.com/questions/540364/http-dead-but-subsys-locked-cant-cure-even-after-deleting-lock-file
http://serverfault.com/questions/540229/ipv6-transparent-proxy-usage-using-apache-benchmarkab-apache2-utils-2-2-22
http://serverfault.com/questions/539371/how-to-block-access-from-users-but-not-from-http
http://serverfault.com/questions/538660/apache-intermittently-aborting-http-requests
http://serverfault.com/questions/537051/running-php-fpm-with-httpd-2-4-4-in-centos-6-4
http://serverfault.com/questions/536783/is-it-possible-to-have-2-error-logs-per-virtualhost-in-apache
http://serverfault.com/questions/536591/soccorro-server-does-not-work
http://serverfault.com/questions/534602/segmentation-fault-when-httpd-child-processes-reach-maxrequestsperchild
http://serverfault.com/questions/534496/list-of-ssl-cipher-support-by-browser
http://serverfault.com/questions/532949/writing-permission-with-vsftpd-and-centos-6-2
http://serverfault.com/questions/532265/apache-process-100-with-ipv4-tcp-10u
