http://serverfault.com/questions/718705/apache-directory-to-listen-on-certain-port
http://serverfault.com/questions/710064/apache-behind-a-reverse-proxy-in-datapower
http://serverfault.com/questions/701331/unable-to-get-apache-exe-working-as-windows-service
http://serverfault.com/questions/691595/mod-rewrite-htaccess-issue-with-apache-2-4-12
http://serverfault.com/questions/631604/centos-files-to-copy-to-get-consistent-mime-type-detection-in-php
http://serverfault.com/questions/617340/why-cant-apache-block-visitors-by-ip-address
http://serverfault.com/questions/616479/web-request-unable-to-enter-server
http://serverfault.com/questions/603842/apache-server-status-when-running-as-proxy-server
http://serverfault.com/questions/556561/cannot-access-site-on-apache-from-machine-on-different-lan
http://serverfault.com/questions/498997/how-to-ssh-apache-user-from-a-remote-guest-server-on-virtualbox-with-host-only-n
http://serverfault.com/questions/495924/how-is-apache-1-3-compressing
http://serverfault.com/questions/491211/enable-pdo-in-shared-server
http://serverfault.com/questions/485554/changing-port-of-nginx
http://serverfault.com/questions/461772/how-to-find-apache-memory-utilization
http://serverfault.com/questions/456969/how-to-enable-mod-info-in-apache
http://serverfault.com/questions/287959/apache-1-3-load-increases-until-restart-graceful-on-centos-ec2-cpu-usage-climbs
http://serverfault.com/questions/274984/randomized-mediawiki-logout
http://serverfault.com/questions/211567/apache-1-3-mod-rewrite-htaccess-loop
http://serverfault.com/questions/206969/increasing-apache-server-availability
http://serverfault.com/questions/205008/ignore-rewrite-for-specific-directory
http://serverfault.com/questions/179097/proxypass-tags-meaning
http://serverfault.com/questions/157268/php5-module-makes-apache-1-3-segfault
http://serverfault.com/questions/137709/rewrite-rules-doesn-t-work-apache-1-3
http://serverfault.com/questions/133208/apache-ssl-configuration-testing
http://serverfault.com/questions/129270/unexpected-connection-timed-out-proxy-connect-lines-in-apache-error-log
http://serverfault.com/questions/120971/regex-negative-look-ahead-is-not-working-for-mod-rewrite-between-different-apach
http://serverfault.com/questions/119203/apache-rewriterule-working-in-2-2-3-not-working-in-1-3-41
http://serverfault.com/questions/103823/deploy-ror-on-apache-1-3-without-admin-permissions
http://serverfault.com/questions/102037/manually-switch-servers-in-apache-mod-jk-tomcat-load-balanced-environment
http://serverfault.com/questions/82505/how-can-i-set-apache-to-serve-files-as-text
http://serverfault.com/questions/76396/apache-virtual-host-limit
http://serverfault.com/questions/74733/how-to-solve-expiresactive-not-allowed-here-error-message-in-htaccess-file
http://serverfault.com/questions/68860/modify-apache-directory-listings
http://serverfault.com/questions/61581/sending-machine-hostname-as-a-header-in-apache
http://serverfault.com/questions/24132/wondering-about-the-continuing-existence-of-apache-1-3
http://serverfault.com/questions/456650/how-to-find-in-runtime-access-error-log-logformat-in-apache
http://serverfault.com/questions/455855/why-do-we-see-multiple-pids-related-to-same-application-owner-for-http-like-thi
http://serverfault.com/questions/453652/include-file-in-apache2-envvars-file
http://serverfault.com/questions/450289/http-through-a-proxy-server-is-not-allowed
http://serverfault.com/questions/437107/apache-rewriterule-causes-500-error
http://serverfault.com/questions/375448/how-to-run-2-webservers-with-2-domains-on-1-static-ip
http://serverfault.com/questions/372387/caching-in-apache-2-2-tomcat-7-0
http://serverfault.com/questions/368385/disable-delete-phpmyadmin-aws-ec2-lamp
http://serverfault.com/questions/365807/database-server-webserver-ram-versus-server-load-relationship-between-servers
http://serverfault.com/questions/362205/apache-server-vulnerability-check
http://serverfault.com/questions/352769/site-down-after-renewing-intermediate-ssl-pro-certificate-verisign
http://serverfault.com/questions/351478/what-is-the-apache-byteslog-directive-useful-for
http://serverfault.com/questions/351476/apache-virtualhost-logs-better-to-have-a-single-log-or-multiple-logs
http://serverfault.com/questions/349766/visualsvn-server-2-5-2-reports-413-request-entity-too-large-when-attempting-to
http://serverfault.com/questions/322063/how-can-i-track-which-page-is-being-requested-using-multiple-virtualhost-in-apac
